{
  "Major":1,
  "Minor":2,
  "Patch":3,
  "PreReleaseTag":"unstable.4",
  "PreReleaseTagWithDash":"-unstable.4",
  "Suffix":"a682956d",
  "InformationalVersion":"1.2.3-unstable.4+a682956d.Branch.feature1.Sha.a682956dc1a2752aa24597a0f5cd939f93614509",
  "MajorMinorPatch":"1.2.3",
  "SemVer":"1.2.3-unstable.4",
  "SemVerPadded":"1.2.3-unstable.0004",
  "AssemblySemVer":"1.2.3.0",
  "FullSemVer":"1.2.3-unstable.4",
  "FullSemVerPadded":"1.2.3-unstable.0004+a682956d",
  "ClassicVersion":"1.2.3.4",
  "BranchName":"feature1",
  "BranchType":"Feature",
  "Sha":"a682956dc1a2752aa24597a0f5cd939f93614509"
}