{
  "Major":1,
  "Minor":1,
  "Patch":0,
  "PreReleaseTag":"",
  "PreReleaseTagWithDash":"",
  "BuildMetaData":10,
  "FullBuildMetaData":"10.Branch.master.Sha.000000000000000000000000000000000000000",
  "MajorMinorPatch":"1.1.0",
  "SemVer":"1.1.0",
  "SemVerPadded":"1.1.0",
  "AssemblySemVer":"1.1.0.0",
  "FullSemVer":"1.1.0+10.Branch.master.Sha.000000000000000000000000000000000000000",
  "FullSemVerPadded":"1.1.0+10.Branch.master.Sha.000000000000000000000000000000000000000",
  "ClassicVersion":"1.1.0.10",
  "BranchName":"master",
  "Sha":"000000000000000000000000000000000000000"
}
