{
  "Major":0,
  "Minor":1,
  "Patch":1,
  "PreReleaseTag":"",
  "PreReleaseTagWithDash":"",
  "BuildMetaData":1,
  "FullBuildMetaData":"1.Branch.master.Sha.000000000000000000000000000000000000000",
  "MajorMinorPatch":"0.1.1",
  "SemVer":"0.1.1",
  "SemVerPadded":"0.1.1",
  "AssemblySemVer":"0.1.1.0",
  "FullSemVer":"0.1.1+1.Branch.master.Sha.000000000000000000000000000000000000000",
  "FullSemVerPadded":"0.1.1+1.Branch.master.Sha.000000000000000000000000000000000000000",
  "ClassicVersion":"0.1.1.1",
  "BranchName":"master",
  "Sha":"000000000000000000000000000000000000000"
}
