{
  "Major":1,
  "Minor":0,
  "Patch":4,
  "PreReleaseTag":"",
  "PreReleaseTagWithDash":"",
  "BuildMetaData":10,
  "FullBuildMetaData":"10.Branch.master.Sha.000000000000000000000000000000000000000",
  "MajorMinorPatch":"1.0.4",
  "SemVer":"1.0.4",
  "SemVerPadded":"1.0.4",
  "AssemblySemVer":"1.0.4.0",
  "FullSemVer":"1.0.4+10.Branch.master.Sha.000000000000000000000000000000000000000",
  "FullSemVerPadded":"1.0.4+10.Branch.master.Sha.000000000000000000000000000000000000000",
  "ClassicVersion":"1.0.4.10",
  "BranchName":"master",
  "Sha":"000000000000000000000000000000000000000"
}
