{
    "Suffix": "469f8519",
    "Major": 1,
    "Minor": 1,
    "Patch": 0,
    "PreReleaseTag": {
        "Name": "unstable",
        "Number": 0
    },
    "PreReleasePartTwo": null
}