{
    "Suffix": null,
    "Major": 1,
    "Minor": 0,
    "Patch": 1,
    "PreReleaseTag": {
        "Name": null,
        "Number": null
    },
    "PreReleasePartTwo": null
}