{
    "Suffix": null,
    "Major": 1,
    "Minor": 1,
    "Patch": 0,
    "PreReleaseTag": {
        "Name": "unstable",
        "Number": 3
    },
    "PreReleasePartTwo": null
}