{
    "Version": {
        "Suffix": "469f8519",
        "Major": 1,
        "Minor": 1,
        "Patch": 0,
        "PreReleaseTag": {
            "Name": "unstable",
            "Number": 0
        },
        "PreReleasePartTwo": null
    },
    "BranchType": 1,
    "BranchName": "every-feature-is-welcome",
    "Sha": "000000000000000000000000000000000000000"
}