{
  "Major":0,
  "Minor":1,
  "Patch":0,
  "Suffix":"",
  "LongVersion":"0.1.0+Sha.000000000000000000000000000000000000000",
  "NugetVersion":"0.1.0",
  "ShortVersion":"0.1.0",
  "BranchName":"master",
  "BranchType":"Master",
  "Sha":"000000000000000000000000000000000000000",
  "MajorMinorPatch":"0.1.0",
  "SemVer":"0.1.0+2",
  "Version":"0.1.0+2",
  "PreReleasePartTwo":2,
  "Stability":"Final"
}
