{
  "Major":1,
  "Minor":0,
  "Patch":4,
  "PreReleaseTag":"",
  "PreReleaseTagWithDash":"",
  "Suffix":"",
  "InformationalVersion":"1.0.4+Sha.000000000000000000000000000000000000000",
  "MajorMinorPatch":"1.0.4",
  "SemVer":"1.0.4",
  "SemVerPadded":"1.0.4",
  "AssemblySemVer":"1.0.4.0",
  "FullSemVer":"1.0.4",
  "FullSemVerPadded":"1.0.4",
  "ClassicVersion":"1.0.4.0",
  "BranchName":"master",
  "BranchType":"Master",
  "Sha":"000000000000000000000000000000000000000"
}
