{
  "Major":1,
  "Minor":1,
  "Patch":0,
  "PreReleaseTag":"",
  "PreReleaseTagWithDash":"",
  "Suffix":"",
  "InformationalVersion":"1.1.0+Sha.000000000000000000000000000000000000000",
  "MajorMinorPatch":"1.1.0",
  "SemVer":"1.1.0",
  "SemVerPadded":"1.1.0",
  "AssemblySemVer":"1.1.0.0",
  "FullSemVer":"1.1.0",
  "FullSemVerPadded":"1.1.0",
  "ClassicVersion":"1.1.0.0",
  "BranchName":"master",
  "BranchType":"Master",
  "Sha":"000000000000000000000000000000000000000"
}
