{
  "Major":0,
  "Minor":1,
  "Patch":1,
  "Suffix":"",
  "LongVersion":"0.1.1 Sha:'000000000000000000000000000000000000000'",
  "NugetVersion":"0.1.1",
  "ShortVersion":"0.1.1",
  "BranchName":"master",
  "BranchType":"Master",
  "Sha":"000000000000000000000000000000000000000",
  "MajorMinorPatch":"0.1.1",
  "SemVer":"0.1.1+1",
  "Version":"0.1.1+1",
  "PreReleasePartTwo":1,
  "Stability":"Final"
}
