{
    "Version": {
        "Suffix": null,
        "Major": 0,
        "Minor": 2,
        "Patch": 0,
        "Tag": {
            "name": "unstable1"
        },
        "PreReleasePartTwo": null
    },
    "BranchType": 2,
    "BranchName": "develop",
    "Sha": "000000000000000000000000000000000000000"
}