{
    "Version": {
        "Suffix": null,
        "Major": 0,
        "Minor": 2,
        "Patch": 0,
        "PreReleaseTag": {
            "Name": "unstable",
            "Number": 1
        },
        "BuildMetaData": null
    },
    "BranchType": 2,
    "BranchName": "develop",
    "Sha": "000000000000000000000000000000000000000"
}