{
    "Version": {
        "Major": 1,
        "Minor": 1,
        "Patch": 0,
        "PreReleaseTag": {
            "Name": "unstable",
            "Number": 0
        },
        "BuildMetaData": {
            "CommitsSinceTag": 1,
            "Branch": null,
            "Sha": null
        }
    },
    "BranchType": 1,
    "BranchName": "featureWithOneCommit",
    "Sha": "000000000000000000000000000000000000000"
}