{
    "Version": {
        "Suffix": null,
        "Major": 0,
        "Minor": 1,
        "Patch": 4,
        "PreReleaseTag": {
            "Name": "hotfix",
            "Number": 0
        },
        "BuildMetaData": null
    },
    "BranchType": 5,
    "BranchName": "hotfix-0.1.4",
    "Sha": "000000000000000000000000000000000000000"
}