{
    "Version": {
        "Major": 0,
        "Minor": 1,
        "Patch": 3,
        "PreReleaseTag": {
            "Name": "beta",
            "Number": 4
        },
        "BuildMetaData": {
            "CommitsSinceTag": 1,
            "Branch": "hotfix-0.1.3",
            "Sha": "000000000000000000000000000000000000000"
        }
    },
    "BranchType": 5,
    "BranchName": "hotfix-0.1.3",
    "Sha": "000000000000000000000000000000000000000"
}