{
    "Version": {
        "Suffix": null,
        "Major": 0,
        "Minor": 1,
        "Patch": 3,
        "Tag": {
            "name": "alpha5"
        },
        "PreReleasePartTwo": null
    },
    "BranchType": 5,
    "BranchName": "hotfix-0.1.3",
    "Sha": "000000000000000000000000000000000000000"
}