{
    "Version": {
        "Suffix": null,
        "Major": 0,
        "Minor": 2,
        "Patch": 0,
        "PreReleaseTag": {
            "Name": null,
            "Number": null
        },
        "BuildMetaData": null
    },
    "BranchType": 4,
    "BranchName": "master",
    "Sha": "000000000000000000000000000000000000000"
}