{
    "Version": {
        "Suffix": null,
        "Major": 0,
        "Minor": 1,
        "Patch": 5,
        "PreReleaseTag": {
            "Name": null,
            "Number": null
        },
        "PreReleasePartTwo": null
    },
    "BranchType": 4,
    "BranchName": "master",
    "Sha": "000000000000000000000000000000000000000"
}