{
    "Version": {
        "Major": 1,
        "Minor": 1,
        "Patch": 0,
        "PreReleaseTag": {
            "Name": "PullRequest",
            "Number": 1735
        },
        "BuildMetaData": {
            "CommitsSinceTag": 1,
            "Branch": null,
            "Sha": null
        }
    },
    "BranchType": 0,
    "BranchName": "pull/1735/merge",
    "Sha": "000000000000000000000000000000000000000"
}