{
    "Version": {
        "Suffix": null,
        "Major": 0,
        "Minor": 5,
        "Patch": 0,
        "Tag": {
            "name": "alpha5"
        },
        "PreReleasePartTwo": null
    },
    "BranchType": 3,
    "BranchName": "release-0.5.0",
    "Sha": "000000000000000000000000000000000000000"
}