{
    "Version": {
        "Suffix": null,
        "Major": 0,
        "Minor": 3,
        "Patch": 0,
        "PreReleaseTag": {
            "Name": "alpha",
            "Number": 5
        },
        "PreReleasePartTwo": null
    },
    "BranchType": 3,
    "BranchName": "release-0.3.0",
    "Sha": "000000000000000000000000000000000000000"
}