{
    "Version": {
        "Suffix": null,
        "Major": 0,
        "Minor": 4,
        "Patch": 0,
        "Tag": {
            "name": "alpha5"
        },
        "PreReleasePartTwo": 2
    },
    "BranchType": 3,
    "BranchName": "release-0.4.0",
    "Sha": "000000000000000000000000000000000000000"
}