{
    "Version": {
        "Suffix": null,
        "Major": 0,
        "Minor": 3,
        "Patch": 0,
        "PreReleaseTag": {
            "Name": "beta",
            "Number": 0
        },
        "BuildMetaData": {
            "CommitsSinceTag": 0,
            "Branch": "release-0.3.0",
            "BranchType": 3,
            "Sha": "000000000000000000000000000000000000000"
        }
    },
    "BranchType": 3,
    "BranchName": "release-0.3.0",
    "Sha": "000000000000000000000000000000000000000"
}