{
    "Version": {
        "Major": 0,
        "Minor": 5,
        "Patch": 0,
        "PreReleaseTag": {
            "Name": "beta",
            "Number": 0
        },
        "BuildMetaData": {
            "CommitsSinceTag": 1,
            "Branch": "release-0.5.0",
            "Sha": "000000000000000000000000000000000000000"
        }
    },
    "BranchType": 3,
    "BranchName": "release-0.5.0",
    "Sha": "000000000000000000000000000000000000000"
}