{
    "Major": 1,
    "Minor": 0,
    "Patch": 2,
    "PreReleaseTag": {
        "Name": "every-feature-is-welcome",
        "Number": 1
    },
    "BuildMetaData": {
        "CommitsSinceTag": 1,
        "Branch": "every-feature-is-welcome",
        "Sha": "000000000000000000000000000000000000000",
        "OtherMetaData": null,
        "CommitDate": "<date replaced>"
    }
}